curl \
	--header "Authorization: bearer accesstoken" \
	--header "X-Client-Info: gotrue-swift/1.2.1" \
	--header "apikey: dummy.api.key" \
	"http://localhost:54321/auth/v1/user"