curl \
	--request POST \
	--header "Content-Length: 145" \
	--header "Content-Type: application/json" \
	--header "X-Client-Info: gotrue-swift/1.2.1" \
	--header "apikey: dummy.api.key" \
	"http://localhost:54321/auth/v1/signup?redirect_to=https://supabase.com"